// Jest Snapshot v1, https://goo.gl/fbAQLP

exports[`Navigation.vue should render with expected html structure 1`] = `
<div
  class="nav"
>
  <div
    class="nav__mobile md:hidden fixed z-20 text-center right-0 cursor-pointer mt-4 mr-4"
  >
    <span
      class="nav__mobile-burger"
    />
     
    <span
      class="nav__mobile-burger"
    />
     
    <span
      class="nav__mobile-burger"
    />
     
    <span
      class="nav__mobile-burger"
    />
  </div>
   
  <nav
    class="nav__desktop fixed z-10 bg-black font-bold w-full"
  >
    <div
      class="nav__desktop-inner relative"
    >
      <ul
        class="nav__list list-reset flex flex-col md:flex-row items-center md:justify-center mt-12 md:mt-4 mb-6 md:mb-4"
      >
        <li
          class="nav__item cursor-pointer hover:text-white focus:text-white my-1 md:mx-2"
        >
          
          About
        
        </li>
        <li
          class="nav__item cursor-pointer hover:text-white focus:text-white my-1 md:mx-2"
        >
          
          Future events
        
        </li>
        <li
          class="nav__item cursor-pointer hover:text-white focus:text-white my-1 md:mx-2"
        >
          
          Past events
        
        </li>
        <li
          class="nav__item cursor-pointer hover:text-white focus:text-white my-1 md:mx-2"
        >
          
          News
        
        </li>
      </ul>
       
      <a
        class="nav__link absolute h-5"
        href="https://github.com/Emanuell-Dan/manchester-vuejs"
        target="_blank"
        title="Manchester Vue.js GitHub repo"
      />
    </div>
  </nav>
</div>
`;
