// Jest Snapshot v1, https://goo.gl/fbAQLP

exports[`PastEvents.vue should render with expected html structure 1`] = `
<div
  class="past-events relative pt-16"
  id="past-events"
>
  <h2
    class="past-events__heading font-bold text-center text-2xl md:text-4xl mb-4 md:mb-8"
  >
    
    Past events
  
  </h2>
   
  <ul
    class="past-events__list flex justify-center flex-wrap"
  >
    <li
      class="past-events__item flex"
    >
      <a
        class="past-events__url bg-white flex items-center rounded-lg w-full m-2"
        target="_blank"
      >
        <div
          class="past-events__event-info px-4 py-8"
        >
          <p
            class="past-events__event-date font-medium"
          >
            Mar 07 2019 at 18:30
          </p>
           
          <h3
            class="past-events__event-name font-bold py-4"
          >
            Next Meetup
          </h3>
           
          <p
            class="past-events__event-attendees"
          >
            5 attendees
          </p>
        </div>
      </a>
    </li>
    <li
      class="past-events__item flex"
    >
      <a
        class="past-events__url bg-white flex items-center rounded-lg w-full m-2"
        target="_blank"
      >
        <div
          class="past-events__event-info px-4 py-8"
        >
          <p
            class="past-events__event-date font-medium"
          >
            Mar 07 2019 at 18:30
          </p>
           
          <h3
            class="past-events__event-name font-bold py-4"
          >
            Java Meetup
          </h3>
           
          <p
            class="past-events__event-attendees"
          >
            9 attendees
          </p>
        </div>
      </a>
    </li>
  </ul>
</div>
`;
