// Jest Snapshot v1, https://goo.gl/fbAQLP

exports[`PastEvents.vue should render with expected html structure 1`] = `
<div
  class="past-events relative pt-16"
  id="past-events"
>
  <h2
    class="past-events__heading font-bold underline text-center text-2xl md:text-4xl mb-4 md:mb-8"
  >
    
    Past events
  
  </h2>
   
  <!---->
</div>
`;
